data: {"type": "error", "data": "create_react_agent() got unexpected keyword arguments: {'messages_modifier': 'You are a scientific explorer. You MUST use the provided tools to explore the graph multiple times before answering.\\n    STRATEGY:\\n    1.  Call `get_central_nodes` to orient yourself.\\n    2.  Call `get_neighbors` on interesting nodes.\\n    3.  Call `find_paths` to connect disparate concepts.\\n    4.  REPEAT steps 2-3 at least 3 times to build a deep understanding.\\n    '}"}\n\ndata: {"type": "interrupt", "data": {"next": ["hypothesis"], "thread_id": "b73a98bf-7ce0-445b-bbf4-1bdb32ce91f8"}}\n\n